2026-10-03 23:24:58+00:00 [Note] [Entrypoint]: Entrypoint script for MySQL Server 8.4.7-1.el9 started.
2026-10-03 23:24:58+00:00 [Note] [Entrypoint]: Switching to dedicated user 'mysql'
2026-10-03 23:24:58+00:00 [Note] [Entrypoint]: Entrypoint script for MySQL Server 8.4.7-1.el9 started.
2026-10-03 23:24:58+00:00 [Note] [Entrypoint]: Initializing database files
2026-10-03T23:24:58.491373Z 0 [System] [MY-015017] [Server] MySQL Server Initialization - start.
2026-10-03T23:24:58.492314Z 0 [System] [MY-013169] [Server] /usr/sbin/mysqld (mysqld 8.4.7) initializing of server in progress as process 87
2026-10-03T23:24:58.495445Z 1 [System] [MY-013576] [InnoDB] InnoDB initialization has started.
2026-10-03T23:24:58.577546Z 1 [System] [MY-013577] [InnoDB] InnoDB initialization has ended.
2026-10-03T23:24:58.910395Z 6 [Warning] [MY-010453] [Server] root@localhost is created with an empty password ! Please consider switching off the --initialize-insecure option.
2026-10-03T23:25:00.319757Z 0 [System] [MY-015018] [Server] MySQL Server Initialization - end.
2026-10-03 23:25:00+00:00 [Note] [Entrypoint]: Database files initialized
2026-10-03 23:25:00+00:00 [Note] [Entrypoint]: Starting temporary server
2026-10-03T23:25:00.358052Z 0 [System] [MY-015015] [Server] MySQL Server - start.
2026-10-03T23:25:00.545187Z 0 [System] [MY-010116] [Server] /usr/sbin/mysqld (mysqld 8.4.7) starting as process 146
2026-10-03T23:25:00.553136Z 1 [System] [MY-013576] [InnoDB] InnoDB initialization has started.
2026-10-03T23:25:00.630104Z 1 [System] [MY-013577] [InnoDB] InnoDB initialization has ended.
2026-10-03T23:25:00.769605Z 0 [Warning] [MY-010068] [Server] CA certificate ca.pem is self signed.
2026-10-03T23:25:00.769638Z 0 [System] [MY-013602] [Server] Channel mysql_main configured to support TLS. Encrypted connections are now supported for this channel.
2026-10-03T23:25:00.770364Z 0 [Warning] [MY-011810] [Server] Insecure configuration for --pid-file: Location '/var/run/mysqld' in the path is accessible to all OS users. Consider choosing a different directory.
2026-10-03T23:25:00.780344Z 0 [System] [MY-011323] [Server] X Plugin ready for connections. Socket: /var/run/mysqld/mysqlx.sock
2026-10-03T23:25:00.780403Z 0 [System] [MY-010931] [Server] /usr/sbin/mysqld: ready for connections. Version: '8.4.7'  socket: '/var/run/mysqld/mysqld.sock'  port: 0  MySQL Community Server - GPL.
2026-10-03 23:25:00+00:00 [Note] [Entrypoint]: Temporary server started.
'/var/lib/mysql/mysql.sock' -> '/var/run/mysqld/mysqld.sock'
Warning: Unable to load '/usr/share/zoneinfo/iso3166.tab' as time zone. Skipping it.
Warning: Unable to load '/usr/share/zoneinfo/leap-seconds.list' as time zone. Skipping it.
Warning: Unable to load '/usr/share/zoneinfo/leapseconds' as time zone. Skipping it.
Warning: Unable to load '/usr/share/zoneinfo/tzdata.zi' as time zone. Skipping it.
Warning: Unable to load '/usr/share/zoneinfo/zone.tab' as time zone. Skipping it.
Warning: Unable to load '/usr/share/zoneinfo/zone1970.tab' as time zone. Skipping it.

2026-10-03 23:25:01+00:00 [Note] [Entrypoint]: Stopping temporary server
2026-10-03T23:25:01.844896Z 12 [System] [MY-013172] [Server] Received SHUTDOWN from user root. Shutting down mysqld (Version: 8.4.7).
2026-10-03T23:25:03.190417Z 0 [System] [MY-010910] [Server] /usr/sbin/mysqld: Shutdown complete (mysqld 8.4.7)  MySQL Community Server - GPL.
2026-10-03T23:25:03.190437Z 0 [System] [MY-015016] [Server] MySQL Server - end.
2026-10-03 23:25:03+00:00 [Note] [Entrypoint]: Temporary server stopped

2026-10-03 23:25:03+00:00 [Note] [Entrypoint]: MySQL init process done. Ready for start up.

2026-10-03T23:25:03.858786Z 0 [System] [MY-015015] [Server] MySQL Server - start.
2026-10-03T23:25:04.046942Z 0 [System] [MY-010116] [Server] /usr/sbin/mysqld (mysqld 8.4.7) starting as process 1
2026-10-03T23:25:04.051128Z 1 [System] [MY-013576] [InnoDB] InnoDB initialization has started.
2026-10-03T23:25:04.127139Z 1 [System] [MY-013577] [InnoDB] InnoDB initialization has ended.
2026-10-03T23:25:04.254696Z 0 [Warning] [MY-010068] [Server] CA certificate ca.pem is self signed.
2026-10-03T23:25:04.254729Z 0 [System] [MY-013602] [Server] Channel mysql_main configured to support TLS. Encrypted connections are now supported for this channel.
2026-10-03T23:25:04.255534Z 0 [Warning] [MY-011810] [Server] Insecure configuration for --pid-file: Location '/var/run/mysqld' in the path is accessible to all OS users. Consider choosing a different directory.
2026-10-03T23:25:04.266716Z 0 [System] [MY-011323] [Server] X Plugin ready for connections. Bind-address: '::' port: 33060, socket: /var/run/mysqld/mysqlx.sock
2026-10-03T23:25:04.266763Z 0 [System] [MY-010931] [Server] /usr/sbin/mysqld: ready for connections. Version: '8.4.7'  socket: '/var/run/mysqld/mysqld.sock'  port: 3306  MySQL Community Server - GPL.
