[0.003s][info][gc,init] CardTable entry size: 512
[0.003s][info][gc     ] Using Serial
[0.004s][info][gc,init] Version: 21.0.12.1+1-LTS (release)
[0.004s][info][gc,init] CPUs: 9 total, 2 available
[0.004s][info][gc,init] Memory: 9967M
[0.004s][info][gc,init] Large Page Support: Disabled
[0.004s][info][gc,init] NUMA Support: Disabled
[0.004s][info][gc,init] Compressed Oops: Enabled (32-bit)
[0.004s][info][gc,init] Heap Min Capacity: 32M
[0.004s][info][gc,init] Heap Initial Capacity: 32M
[0.004s][info][gc,init] Heap Max Capacity: 64M
[0.004s][info][gc,init] Pre-touch: Disabled
[0.011s][info][gc,metaspace] CDS archive(s) mapped at: [0x00007f66a7000000-0x00007f66a7c9c000-0x00007f66a7c9c000), size 13221888, SharedBaseAddress: 0x00007f66a7000000, ArchiveRelocationMode: 1.
[0.011s][info][gc,metaspace] Compressed class space mapped at: 0x00007f66a8000000-0x00007f66e8000000, reserved size: 1073741824
[0.011s][info][gc,metaspace] Narrow klass base: 0x00007f66a7000000, Narrow klass shift: 0, Narrow klass range: 0x100000000
[0.078s][info][gc,start    ] GC(0) Pause Young (Allocation Failure)
[0.080s][info][gc,heap     ] GC(0) DefNew: 8582K(9792K)->1088K(9792K) Eden: 8582K(8704K)->0K(8704K) From: 0K(1088K)->1088K(1088K)
[0.080s][info][gc,heap     ] GC(0) Tenured: 1073K(21888K)->2317K(21888K)
[0.080s][info][gc,metaspace] GC(0) Metaspace: 849K(1024K)->849K(1024K) NonClass: 761K(832K)->761K(832K) Class: 88K(192K)->88K(192K)
[0.080s][info][gc          ] GC(0) Pause Young (Allocation Failure) 9M->3M(30M) 1.879ms
[0.080s][info][gc,cpu      ] GC(0) User=0.00s Sys=0.00s Real=0.00s
[0.081s][info][gc,start    ] GC(1) Pause Young (Allocation Failure)
[0.082s][info][gc,heap     ] GC(1) DefNew: 9695K(9792K)->1024K(9792K) Eden: 8607K(8704K)->0K(8704K) From: 1088K(1088K)->1024K(1088K)
[0.082s][info][gc,heap     ] GC(1) Tenured: 2317K(21888K)->3405K(21888K)
[0.082s][info][gc,metaspace] GC(1) Metaspace: 849K(1024K)->849K(1024K) NonClass: 761K(832K)->761K(832K) Class: 88K(192K)->88K(192K)
[0.082s][info][gc          ] GC(1) Pause Young (Allocation Failure) 11M->4M(30M) 1.076ms
[0.082s][info][gc,cpu      ] GC(1) User=0.00s Sys=0.00s Real=0.00s
[0.082s][info][gc,start    ] GC(2) Pause Young (Allocation Failure)
[0.083s][info][gc,heap     ] GC(2) DefNew: 9635K(9792K)->1024K(9792K) Eden: 8611K(8704K)->0K(8704K) From: 1024K(1088K)->1024K(1088K)
[0.083s][info][gc,heap     ] GC(2) Tenured: 3405K(21888K)->4429K(21888K)
[0.083s][info][gc,metaspace] GC(2) Metaspace: 849K(1024K)->849K(1024K) NonClass: 761K(832K)->761K(832K) Class: 88K(192K)->88K(192K)
[0.083s][info][gc          ] GC(2) Pause Young (Allocation Failure) 12M->5M(30M) 0.482ms
[0.083s][info][gc,cpu      ] GC(2) User=0.00s Sys=0.00s Real=0.00s
[0.083s][info][gc,start    ] GC(3) Pause Young (Allocation Failure)
[0.083s][info][gc,heap     ] GC(3) DefNew: 9639K(9792K)->1024K(9792K) Eden: 8615K(8704K)->0K(8704K) From: 1024K(1088K)->1024K(1088K)
[0.083s][info][gc,heap     ] GC(3) Tenured: 4429K(21888K)->5453K(21888K)
[0.083s][info][gc,metaspace] GC(3) Metaspace: 849K(1024K)->849K(1024K) NonClass: 761K(832K)->761K(832K) Class: 88K(192K)->88K(192K)
[0.083s][info][gc          ] GC(3) Pause Young (Allocation Failure) 13M->6M(30M) 0.366ms
[0.083s][info][gc,cpu      ] GC(3) User=0.00s Sys=0.00s Real=0.00s
[0.084s][info][gc,start    ] GC(4) Pause Young (Allocation Failure)
[0.084s][info][gc,heap     ] GC(4) DefNew: 9641K(9792K)->1024K(9792K) Eden: 8617K(8704K)->0K(8704K) From: 1024K(1088K)->1024K(1088K)
[0.084s][info][gc,heap     ] GC(4) Tenured: 5453K(21888K)->6477K(21888K)
[0.084s][info][gc,metaspace] GC(4) Metaspace: 849K(1024K)->849K(1024K) NonClass: 761K(832K)->761K(832K) Class: 88K(192K)->88K(192K)
[0.084s][info][gc          ] GC(4) Pause Young (Allocation Failure) 14M->7M(30M) 0.424ms
[0.084s][info][gc,cpu      ] GC(4) User=0.00s Sys=0.00s Real=0.00s
[0.084s][info][gc,start    ] GC(5) Pause Young (Allocation Failure)
[0.085s][info][gc,heap     ] GC(5) DefNew: 9643K(9792K)->1024K(9792K) Eden: 8619K(8704K)->0K(8704K) From: 1024K(1088K)->1024K(1088K)
[0.085s][info][gc,heap     ] GC(5) Tenured: 6477K(21888K)->7501K(21888K)
[0.085s][info][gc,metaspace] GC(5) Metaspace: 849K(1024K)->849K(1024K) NonClass: 761K(832K)->761K(832K) Class: 88K(192K)->88K(192K)
[0.085s][info][gc          ] GC(5) Pause Young (Allocation Failure) 15M->8M(30M) 0.378ms
[0.085s][info][gc,cpu      ] GC(5) User=0.00s Sys=0.00s Real=0.00s
[0.085s][info][gc,start    ] GC(6) Pause Young (Allocation Failure)
[0.085s][info][gc,heap     ] GC(6) DefNew: 9644K(9792K)->1024K(9792K) Eden: 8620K(8704K)->0K(8704K) From: 1024K(1088K)->1024K(1088K)
[0.086s][info][gc,heap     ] GC(6) Tenured: 7501K(21888K)->8525K(21888K)
[0.086s][info][gc,metaspace] GC(6) Metaspace: 849K(1024K)->849K(1024K) NonClass: 761K(832K)->761K(832K) Class: 88K(192K)->88K(192K)
[0.086s][info][gc          ] GC(6) Pause Young (Allocation Failure) 16M->9M(30M) 0.474ms
[0.086s][info][gc,cpu      ] GC(6) User=0.00s Sys=0.00s Real=0.00s
[0.086s][info][gc,start    ] GC(7) Pause Young (Allocation Failure)
[0.086s][info][gc,heap     ] GC(7) DefNew: 9645K(9792K)->1024K(9792K) Eden: 8621K(8704K)->0K(8704K) From: 1024K(1088K)->1024K(1088K)
[0.086s][info][gc,heap     ] GC(7) Tenured: 8525K(21888K)->9549K(21888K)
[0.086s][info][gc,metaspace] GC(7) Metaspace: 849K(1024K)->849K(1024K) NonClass: 761K(832K)->761K(832K) Class: 88K(192K)->88K(192K)
[0.086s][info][gc          ] GC(7) Pause Young (Allocation Failure) 17M->10M(30M) 0.462ms
[0.086s][info][gc,cpu      ] GC(7) User=0.00s Sys=0.00s Real=0.00s
[0.087s][info][gc,start    ] GC(8) Pause Young (Allocation Failure)
[0.087s][info][gc,heap     ] GC(8) DefNew: 9645K(9792K)->1024K(9792K) Eden: 8621K(8704K)->0K(8704K) From: 1024K(1088K)->1024K(1088K)
[0.087s][info][gc,heap     ] GC(8) Tenured: 9549K(21888K)->10573K(21888K)
[0.087s][info][gc,metaspace] GC(8) Metaspace: 849K(1024K)->849K(1024K) NonClass: 761K(832K)->761K(832K) Class: 88K(192K)->88K(192K)
[0.087s][info][gc          ] GC(8) Pause Young (Allocation Failure) 18M->11M(30M) 0.457ms
[0.087s][info][gc,cpu      ] GC(8) User=0.00s Sys=0.00s Real=0.00s
[0.087s][info][gc,start    ] GC(9) Pause Young (Allocation Failure)
[0.088s][info][gc,heap     ] GC(9) DefNew: 9645K(9792K)->1024K(9792K) Eden: 8621K(8704K)->0K(8704K) From: 1024K(1088K)->1024K(1088K)
[0.088s][info][gc,heap     ] GC(9) Tenured: 10573K(21888K)->11598K(21888K)
[0.088s][info][gc,metaspace] GC(9) Metaspace: 849K(1024K)->849K(1024K) NonClass: 761K(832K)->761K(832K) Class: 88K(192K)->88K(192K)
[0.088s][info][gc          ] GC(9) Pause Young (Allocation Failure) 19M->12M(30M) 0.479ms
[0.088s][info][gc,cpu      ] GC(9) User=0.00s Sys=0.00s Real=0.00s
[0.088s][info][gc,start    ] GC(10) Pause Young (Allocation Failure)
[0.088s][info][gc,heap     ] GC(10) DefNew: 9646K(9792K)->1024K(9792K) Eden: 8621K(8704K)->0K(8704K) From: 1024K(1088K)->1024K(1088K)
[0.088s][info][gc,heap     ] GC(10) Tenured: 11598K(21888K)->12622K(21888K)
[0.088s][info][gc,metaspace] GC(10) Metaspace: 849K(1024K)->849K(1024K) NonClass: 761K(832K)->761K(832K) Class: 88K(192K)->88K(192K)
[0.088s][info][gc          ] GC(10) Pause Young (Allocation Failure) 20M->13M(30M) 0.412ms
[0.088s][info][gc,cpu      ] GC(10) User=0.00s Sys=0.00s Real=0.00s
[0.089s][info][gc,start    ] GC(11) Pause Young (Allocation Failure)
[0.089s][info][gc,heap     ] GC(11) DefNew: 9646K(9792K)->1024K(9792K) Eden: 8622K(8704K)->0K(8704K) From: 1024K(1088K)->1024K(1088K)
[0.089s][info][gc,heap     ] GC(11) Tenured: 12622K(21888K)->13646K(21888K)
[0.089s][info][gc,metaspace] GC(11) Metaspace: 849K(1024K)->849K(1024K) NonClass: 761K(832K)->761K(832K) Class: 88K(192K)->88K(192K)
[0.089s][info][gc          ] GC(11) Pause Young (Allocation Failure) 21M->14M(30M) 0.514ms
[0.089s][info][gc,cpu      ] GC(11) User=0.00s Sys=0.00s Real=0.00s
[0.090s][info][gc,start    ] GC(12) Pause Young (Allocation Failure)
[0.090s][info][gc,heap     ] GC(12) DefNew: 9646K(9792K)->1024K(9792K) Eden: 8622K(8704K)->0K(8704K) From: 1024K(1088K)->1024K(1088K)
[0.090s][info][gc,heap     ] GC(12) Tenured: 13646K(21888K)->14670K(21888K)
[0.090s][info][gc,metaspace] GC(12) Metaspace: 849K(1024K)->849K(1024K) NonClass: 761K(832K)->761K(832K) Class: 88K(192K)->88K(192K)
[0.090s][info][gc          ] GC(12) Pause Young (Allocation Failure) 22M->15M(30M) 0.437ms
[0.090s][info][gc,cpu      ] GC(12) User=0.00s Sys=0.00s Real=0.00s
[0.090s][info][gc,start    ] GC(13) Pause Young (Allocation Failure)
[0.091s][info][gc,heap     ] GC(13) DefNew: 9646K(9792K)->1024K(9792K) Eden: 8622K(8704K)->0K(8704K) From: 1024K(1088K)->1024K(1088K)
[0.091s][info][gc,heap     ] GC(13) Tenured: 14670K(21888K)->15694K(21888K)
[0.091s][info][gc,metaspace] GC(13) Metaspace: 849K(1024K)->849K(1024K) NonClass: 761K(832K)->761K(832K) Class: 88K(192K)->88K(192K)
[0.091s][info][gc          ] GC(13) Pause Young (Allocation Failure) 23M->16M(30M) 0.529ms
[0.091s][info][gc,cpu      ] GC(13) User=0.01s Sys=0.00s Real=0.00s
[0.091s][info][gc,start    ] GC(14) Pause Young (Allocation Failure)
[0.092s][info][gc,heap     ] GC(14) DefNew: 9646K(9792K)->1024K(9792K) Eden: 8622K(8704K)->0K(8704K) From: 1024K(1088K)->1024K(1088K)
[0.092s][info][gc,heap     ] GC(14) Tenured: 15694K(21888K)->16718K(21888K)
[0.092s][info][gc,metaspace] GC(14) Metaspace: 849K(1024K)->849K(1024K) NonClass: 761K(832K)->761K(832K) Class: 88K(192K)->88K(192K)
[0.092s][info][gc          ] GC(14) Pause Young (Allocation Failure) 24M->17M(30M) 0.467ms
[0.092s][info][gc,cpu      ] GC(14) User=0.00s Sys=0.00s Real=0.00s
[0.092s][info][gc,start    ] GC(15) Pause Young (Allocation Failure)
[0.093s][info][gc,heap     ] GC(15) DefNew: 9646K(9792K)->1024K(9792K) Eden: 8622K(8704K)->0K(8704K) From: 1024K(1088K)->1024K(1088K)
[0.093s][info][gc,heap     ] GC(15) Tenured: 16718K(21888K)->17742K(21888K)
[0.093s][info][gc,metaspace] GC(15) Metaspace: 849K(1024K)->849K(1024K) NonClass: 761K(832K)->761K(832K) Class: 88K(192K)->88K(192K)
[0.093s][info][gc          ] GC(15) Pause Young (Allocation Failure) 25M->18M(30M) 0.651ms
[0.093s][info][gc,cpu      ] GC(15) User=0.00s Sys=0.00s Real=0.00s
[0.093s][info][gc,start    ] GC(16) Pause Young (Allocation Failure)
[0.093s][info][gc,heap     ] GC(16) DefNew: 9646K(9792K)->1024K(9792K) Eden: 8622K(8704K)->0K(8704K) From: 1024K(1088K)->1024K(1088K)
[0.093s][info][gc,heap     ] GC(16) Tenured: 17742K(21888K)->18766K(21888K)
[0.093s][info][gc,metaspace] GC(16) Metaspace: 849K(1024K)->849K(1024K) NonClass: 761K(832K)->761K(832K) Class: 88K(192K)->88K(192K)
[0.093s][info][gc          ] GC(16) Pause Young (Allocation Failure) 26M->19M(30M) 0.476ms
[0.093s][info][gc,cpu      ] GC(16) User=0.00s Sys=0.00s Real=0.00s
[0.094s][info][gc,start    ] GC(17) Pause Young (Allocation Failure)
[0.094s][info][gc,heap     ] GC(17) DefNew: 9646K(9792K)->1024K(9792K) Eden: 8622K(8704K)->0K(8704K) From: 1024K(1088K)->1024K(1088K)
[0.094s][info][gc,heap     ] GC(17) Tenured: 18766K(21888K)->19791K(21888K)
[0.094s][info][gc,metaspace] GC(17) Metaspace: 849K(1024K)->849K(1024K) NonClass: 761K(832K)->761K(832K) Class: 88K(192K)->88K(192K)
[0.094s][info][gc          ] GC(17) Pause Young (Allocation Failure) 27M->20M(30M) 0.445ms
[0.094s][info][gc,cpu      ] GC(17) User=0.00s Sys=0.00s Real=0.00s
[0.095s][info][gc,start    ] GC(18) Pause Young (Allocation Failure)
[0.095s][info][gc,heap     ] GC(18) DefNew: 9646K(9792K)->1024K(9792K) Eden: 8622K(8704K)->0K(8704K) From: 1024K(1088K)->1024K(1088K)
[0.095s][info][gc,heap     ] GC(18) Tenured: 19791K(21888K)->20815K(21888K)
[0.095s][info][gc,metaspace] GC(18) Metaspace: 849K(1024K)->849K(1024K) NonClass: 761K(832K)->761K(832K) Class: 88K(192K)->88K(192K)
[0.095s][info][gc          ] GC(18) Pause Young (Allocation Failure) 28M->21M(30M) 0.446ms
[0.095s][info][gc,cpu      ] GC(18) User=0.00s Sys=0.00s Real=0.00s
[0.095s][info][gc,start    ] GC(19) Pause Young (Allocation Failure)
[0.096s][info][gc,heap     ] GC(19) DefNew: 9646K(9792K)->1024K(9792K) Eden: 8622K(8704K)->0K(8704K) From: 1024K(1088K)->1024K(1088K)
[0.096s][info][gc,heap     ] GC(19) Tenured: 20815K(21888K)->21839K(21888K)
[0.096s][info][gc,metaspace] GC(19) Metaspace: 849K(1024K)->849K(1024K) NonClass: 761K(832K)->761K(832K) Class: 88K(192K)->88K(192K)
[0.096s][info][gc          ] GC(19) Pause Young (Allocation Failure) 29M->22M(30M) 0.493ms
[0.096s][info][gc,cpu      ] GC(19) User=0.00s Sys=0.00s Real=0.01s
[0.096s][info][gc,start    ] GC(20) Pause Young (Allocation Failure)
[0.097s][info][gc          ] GC(20) Pause Young (Allocation Failure) 30M->23M(32M) 0.502ms
[0.097s][info][gc,cpu      ] GC(20) User=0.00s Sys=0.00s Real=0.00s
[0.097s][info][gc,start    ] GC(21) Pause Full (Allocation Failure)
[0.097s][info][gc,phases,start] GC(21) Phase 1: Mark live objects
[0.099s][info][gc,phases      ] GC(21) Phase 1: Mark live objects 1.878ms
[0.099s][info][gc,phases,start] GC(21) Phase 2: Compute new object addresses
[0.099s][info][gc,phases      ] GC(21) Phase 2: Compute new object addresses 0.267ms
[0.099s][info][gc,phases,start] GC(21) Phase 3: Adjust pointers
[0.099s][info][gc,phases      ] GC(21) Phase 3: Adjust pointers 0.475ms
[0.099s][info][gc,phases,start] GC(21) Phase 4: Move objects
[0.100s][info][gc,phases      ] GC(21) Phase 4: Move objects 0.284ms
[0.100s][info][gc,heap        ] GC(21) DefNew: 9646K(9792K)->0K(9920K) Eden: 8622K(8704K)->0K(8832K) From: 1024K(1088K)->0K(1088K)
[0.100s][info][gc,heap        ] GC(21) Tenured: 21839K(21888K)->4429K(21888K)
[0.100s][info][gc,metaspace   ] GC(21) Metaspace: 849K(1024K)->849K(1024K) NonClass: 761K(832K)->761K(832K) Class: 88K(192K)->88K(192K)
[0.100s][info][gc             ] GC(21) Pause Full (Allocation Failure) 23M->4M(31M) 3.040ms
[0.100s][info][gc,cpu         ] GC(21) User=0.00s Sys=0.00s Real=0.00s
[0.100s][info][gc,start       ] GC(22) Pause Young (Allocation Failure)
[0.100s][info][gc,heap        ] GC(22) DefNew: 8752K(9920K)->1024K(9920K) Eden: 8752K(8832K)->0K(8832K) From: 0K(1088K)->1024K(1088K)
[0.100s][info][gc,heap        ] GC(22) Tenured: 4429K(21888K)->5453K(21888K)
[0.100s][info][gc,metaspace   ] GC(22) Metaspace: 849K(1024K)->849K(1024K) NonClass: 761K(832K)->761K(832K) Class: 88K(192K)->88K(192K)
[0.100s][info][gc             ] GC(22) Pause Young (Allocation Failure) 12M->6M(31M) 0.251ms
[0.100s][info][gc,cpu         ] GC(22) User=0.00s Sys=0.00s Real=0.00s
[0.101s][info][gc,start       ] GC(23) Pause Young (Allocation Failure)
[0.101s][info][gc,heap        ] GC(23) DefNew: 9776K(9920K)->1024K(9920K) Eden: 8752K(8832K)->0K(8832K) From: 1024K(1088K)->1024K(1088K)
[0.101s][info][gc,heap        ] GC(23) Tenured: 5453K(21888K)->6477K(21888K)
[0.101s][info][gc,metaspace   ] GC(23) Metaspace: 849K(1024K)->849K(1024K) NonClass: 761K(832K)->761K(832K) Class: 88K(192K)->88K(192K)
[0.101s][info][gc             ] GC(23) Pause Young (Allocation Failure) 14M->7M(31M) 0.240ms
[0.101s][info][gc,cpu         ] GC(23) User=0.00s Sys=0.00s Real=0.00s
[0.102s][info][gc,start       ] GC(24) Pause Young (Allocation Failure)
[0.102s][info][gc,heap        ] GC(24) DefNew: 9776K(9920K)->1024K(9920K) Eden: 8752K(8832K)->0K(8832K) From: 1024K(1088K)->1024K(1088K)
[0.102s][info][gc,heap        ] GC(24) Tenured: 6477K(21888K)->7501K(21888K)
[0.102s][info][gc,metaspace   ] GC(24) Metaspace: 849K(1024K)->849K(1024K) NonClass: 761K(832K)->761K(832K) Class: 88K(192K)->88K(192K)
[0.102s][info][gc             ] GC(24) Pause Young (Allocation Failure) 15M->8M(31M) 0.177ms
[0.102s][info][gc,cpu         ] GC(24) User=0.00s Sys=0.00s Real=0.00s
[0.102s][info][gc,start       ] GC(25) Pause Young (Allocation Failure)
[0.103s][info][gc,heap        ] GC(25) DefNew: 9776K(9920K)->1024K(9920K) Eden: 8752K(8832K)->0K(8832K) From: 1024K(1088K)->1024K(1088K)
[0.103s][info][gc,heap        ] GC(25) Tenured: 7501K(21888K)->8525K(21888K)
[0.103s][info][gc,metaspace   ] GC(25) Metaspace: 849K(1024K)->849K(1024K) NonClass: 761K(832K)->761K(832K) Class: 88K(192K)->88K(192K)
[0.103s][info][gc             ] GC(25) Pause Young (Allocation Failure) 16M->9M(31M) 0.174ms
[0.103s][info][gc,cpu         ] GC(25) User=0.00s Sys=0.00s Real=0.00s
[0.103s][info][gc,start       ] GC(26) Pause Young (Allocation Failure)
[0.103s][info][gc,heap        ] GC(26) DefNew: 9776K(9920K)->1024K(9920K) Eden: 8752K(8832K)->0K(8832K) From: 1024K(1088K)->1024K(1088K)
[0.103s][info][gc,heap        ] GC(26) Tenured: 8525K(21888K)->9549K(21888K)
[0.103s][info][gc,metaspace   ] GC(26) Metaspace: 849K(1024K)->849K(1024K) NonClass: 761K(832K)->761K(832K) Class: 88K(192K)->88K(192K)
[0.103s][info][gc             ] GC(26) Pause Young (Allocation Failure) 17M->10M(31M) 0.168ms
[0.103s][info][gc,cpu         ] GC(26) User=0.00s Sys=0.00s Real=0.00s
[0.103s][info][gc,start       ] GC(27) Pause Young (Allocation Failure)
[0.103s][info][gc,heap        ] GC(27) DefNew: 9776K(9920K)->1024K(9920K) Eden: 8752K(8832K)->0K(8832K) From: 1024K(1088K)->1024K(1088K)
[0.103s][info][gc,heap        ] GC(27) Tenured: 9549K(21888K)->10573K(21888K)
[0.103s][info][gc,metaspace   ] GC(27) Metaspace: 849K(1024K)->849K(1024K) NonClass: 761K(832K)->761K(832K) Class: 88K(192K)->88K(192K)
[0.103s][info][gc             ] GC(27) Pause Young (Allocation Failure) 18M->11M(31M) 0.176ms
[0.103s][info][gc,cpu         ] GC(27) User=0.00s Sys=0.00s Real=0.00s
[0.104s][info][gc,start       ] GC(28) Pause Young (Allocation Failure)
[0.104s][info][gc,heap        ] GC(28) DefNew: 9776K(9920K)->1024K(9920K) Eden: 8752K(8832K)->0K(8832K) From: 1024K(1088K)->1024K(1088K)
[0.104s][info][gc,heap        ] GC(28) Tenured: 10573K(21888K)->11598K(21888K)
[0.104s][info][gc,metaspace   ] GC(28) Metaspace: 849K(1024K)->849K(1024K) NonClass: 761K(832K)->761K(832K) Class: 88K(192K)->88K(192K)
[0.104s][info][gc             ] GC(28) Pause Young (Allocation Failure) 19M->12M(31M) 0.202ms
[0.104s][info][gc,cpu         ] GC(28) User=0.00s Sys=0.00s Real=0.00s
[0.104s][info][gc,start       ] GC(29) Pause Young (Allocation Failure)
[0.104s][info][gc,heap        ] GC(29) DefNew: 9776K(9920K)->1024K(9920K) Eden: 8752K(8832K)->0K(8832K) From: 1024K(1088K)->1024K(1088K)
[0.104s][info][gc,heap        ] GC(29) Tenured: 11598K(21888K)->12622K(21888K)
[0.104s][info][gc,metaspace   ] GC(29) Metaspace: 849K(1024K)->849K(1024K) NonClass: 761K(832K)->761K(832K) Class: 88K(192K)->88K(192K)
[0.104s][info][gc             ] GC(29) Pause Young (Allocation Failure) 20M->13M(31M) 0.176ms
[0.104s][info][gc,cpu         ] GC(29) User=0.00s Sys=0.00s Real=0.00s
[0.105s][info][gc,start       ] GC(30) Pause Young (Allocation Failure)
[0.105s][info][gc,heap        ] GC(30) DefNew: 9776K(9920K)->1024K(9920K) Eden: 8752K(8832K)->0K(8832K) From: 1024K(1088K)->1024K(1088K)
[0.105s][info][gc,heap        ] GC(30) Tenured: 12622K(21888K)->13646K(21888K)
[0.105s][info][gc,metaspace   ] GC(30) Metaspace: 849K(1024K)->849K(1024K) NonClass: 761K(832K)->761K(832K) Class: 88K(192K)->88K(192K)
[0.105s][info][gc             ] GC(30) Pause Young (Allocation Failure) 21M->14M(31M) 0.151ms
[0.105s][info][gc,cpu         ] GC(30) User=0.00s Sys=0.00s Real=0.00s
[0.370s][info][gc,heap,exit   ] Heap
[0.370s][info][gc,heap,exit   ]  def new generation   total 9920K, used 7744K [0x00000000fc000000, 0x00000000fcac0000, 0x00000000fd550000)
[0.370s][info][gc,heap,exit   ]   eden space 8832K,  76% used [0x00000000fc000000, 0x00000000fc690270, 0x00000000fc8a0000)
[0.370s][info][gc,heap,exit   ]   from space 1088K,  94% used [0x00000000fc9b0000, 0x00000000fcab0080, 0x00000000fcac0000)
[0.370s][info][gc,heap,exit   ]   to   space 1088K,   0% used [0x00000000fc8a0000, 0x00000000fc8a0000, 0x00000000fc9b0000)
[0.370s][info][gc,heap,exit   ]  tenured generation   total 21888K, used 13646K [0x00000000fd550000, 0x00000000feab0000, 0x0000000100000000)
[0.370s][info][gc,heap,exit   ]    the space 21888K,  62% used [0x00000000fd550000, 0x00000000fe2a3908, 0x00000000fe2a3a00, 0x00000000feab0000)
[0.370s][info][gc,heap,exit   ]  Metaspace       used 907K, committed 1088K, reserved 1114112K
[0.370s][info][gc,heap,exit   ]   class space    used 96K, committed 192K, reserved 1048576K
